INFO:root:Calling main with args () and kwargs {}
2024-04-19 20:50:59,173:INFO:Calling main with args () and kwargs {}
2024-04-19 20:51:00,697:INFO:Calling main with args () and kwargs {}
2024-04-19 20:53:40,551:INFO:Calling main with args () and kwargs {}
2024-04-19 20:54:36,781:INFO:Calling main with args () and kwargs {}
2024-04-20 23:04:32,822:INFO:Calling main with args () and kwargs {}
2024-04-20 23:04:48,975:INFO:Calling main with args () and kwargs {}
